# serializer version: 1
# name: test_organisation_members[admin]
  dict({
    'data': list([
      dict({
        'attributes': dict({
          'email': 'lauraayala@example.net',
          'first-name': 'User',
          'last-name': '2',
          'roles': list([
            dict({
              'authorized': False,
              'inactive': False,
              'role': dict({
                'de': 'Florist',
                'en': 'Environmental health practitioner',
                'fr': 'façadier',
              }),
              'time_slot': None,
            }),
            dict({
              'authorized': False,
              'inactive': False,
              'role': dict({
                'de': 'Erzieher',
                'en': 'Engineer, civil (contracting)',
                'fr': 'metteur en scène',
              }),
              'time_slot': None,
            }),
            dict({
              'authorized': False,
              'inactive': True,
              'role': dict({
                'de': 'Erzieher',
                'en': 'Engineer, civil (contracting)',
                'fr': 'metteur en scène',
              }),
              'time_slot': None,
            }),
          ]),
        }),
        'type': 'identities',
      }),
      dict({
        'attributes': dict({
          'email': 'admin@example.com',
          'first-name': 'User',
          'last-name': '1',
          'roles': list([
            dict({
              'authorized': False,
              'inactive': False,
              'role': dict({
                'de': 'Erzieher',
                'en': 'Engineer, civil (contracting)',
                'fr': 'metteur en scène',
              }),
              'time_slot': None,
            }),
            dict({
              'authorized': True,
              'inactive': False,
              'role': dict({
                'de': 'Bäcker',
                'en': 'Museum education officer',
                'fr': 'garçon de café',
              }),
              'time_slot': None,
            }),
            dict({
              'authorized': False,
              'inactive': False,
              'role': dict({
                'de': 'Florist',
                'en': 'Environmental health practitioner',
                'fr': 'façadier',
              }),
              'time_slot': dict({
                'bounds': '[)',
                'lower': '2020-01-01',
                'upper': '2020-12-31',
              }),
            }),
          ]),
        }),
        'type': 'identities',
      }),
      dict({
        'attributes': dict({
          'email': 'wagnerbrenda@example.com',
          'first-name': 'User',
          'last-name': '3',
          'roles': list([
            dict({
              'authorized': False,
              'inactive': False,
              'role': dict({
                'de': 'Erzieher',
                'en': 'Engineer, civil (contracting)',
                'fr': 'metteur en scène',
              }),
              'time_slot': None,
            }),
            dict({
              'authorized': False,
              'inactive': True,
              'role': dict({
                'de': 'Florist',
                'en': 'Environmental health practitioner',
                'fr': 'façadier',
              }),
              'time_slot': None,
            }),
          ]),
        }),
        'type': 'identities',
      }),
      dict({
        'attributes': dict({
          'email': 'melissapineda@example.net',
          'first-name': 'User',
          'last-name': '5',
          'roles': list([
            dict({
              'authorized': False,
              'inactive': True,
              'role': dict({
                'de': 'Florist',
                'en': 'Environmental health practitioner',
                'fr': 'façadier',
              }),
              'time_slot': None,
            }),
          ]),
        }),
        'type': 'identities',
      }),
      dict({
        'attributes': dict({
          'email': 'garrettvirginia@example.net',
          'first-name': 'User',
          'last-name': '4',
          'roles': list([
            dict({
              'authorized': False,
              'inactive': True,
              'role': dict({
                'de': 'Erzieher',
                'en': 'Engineer, civil (contracting)',
                'fr': 'metteur en scène',
              }),
              'time_slot': None,
            }),
          ]),
        }),
        'type': 'identities',
      }),
    ]),
  })
# ---
