# serializer version: 1
# name: test_identity_export[admin]
  list([
    list([
      'first_name',
      'last_name',
      'localized_salutation',
      'localized_title',
      'language',
      'is_organisation',
      'organisation_name',
      'email',
      'additional_emails',
      'phone_numbers',
      'address_addition_1',
      'address_addition_2',
      'address_addition_3',
      'street_and_number',
      'po_box',
      'postcode',
      'town',
      'country',
    ]),
    list([
      'Emily',
      'Bailey',
      '',
      '',
      'de',
      0,
      '',
      'danielle56@example.net',
      '''
        james51@example.net
        martinezkerry@example.net
        rita07@example.net
      ''',
      '''
        +41413746133
        +41567502405
        +41797783295
      ''',
      '',
      '',
      '',
      '624 Peterson Via Apt. 585',
      '',
      '48377',
      'North Leahside',
      'Osttimor',
    ]),
    list([
      'Jonathan',
      'Boone',
      'Monsieur',
      '',
      'fr',
      0,
      '',
      'jenningsnathan@example.org',
      '''
        gary96@example.com
        markjohnson@example.net
        yperez@example.org
      ''',
      '''
        +41779798351
        +41314204783
        +41319403227
      ''',
      '',
      '',
      '',
      '29703 Jenkins Shores Suite 482',
      '',
      '84727',
      'New Jonathan',
      'Myanmar',
    ]),
    list([
      'Robert',
      'Clements',
      'Mrs.',
      '',
      'en',
      0,
      '',
      'paul85@example.net',
      '''
        flowerssteven@example.org
        rachelhenderson@example.net
        zreynolds@example.com
      ''',
      '''
        +41561835964
        +41772977343
        +41789726477
      ''',
      '',
      '',
      '',
      '2596 Mercer Loaf',
      '',
      '67035',
      'South Desireefort',
      'Myanmar',
    ]),
    list([
      'Greg',
      'Cooper',
      '',
      '',
      'de',
      0,
      '',
      'richardwalker@example.com',
      '''
        darylclark@example.org
        ginasteele@example.net
        phelpspeter@example.org
      ''',
      '''
        +41789526732
        +41563270896
        +41767878242
      ''',
      '',
      '',
      '',
      '332 Thomas Heights Suite 036',
      '',
      '82130',
      'East Juliefort',
      'Laos',
    ]),
    list([
      'Paige',
      'Griffin',
      '',
      '',
      'de',
      0,
      '',
      'nathancampos@example.org',
      '''
        cbryant@example.net
        paul62@example.net
        ronald80@example.com
      ''',
      '''
        +41419931214
        +41311393959
        +41774816023
      ''',
      '',
      '',
      '',
      '43183 Mcmillan Terrace',
      '',
      '14941',
      'Lake Patrick',
      'Bhutan',
    ]),
    list([
      'Douglas',
      'House',
      '',
      '',
      'de',
      0,
      '',
      'murphynicholas@example.net',
      '''
        edunn@example.com
        kristenkirk@example.com
        nicholas33@example.com
      ''',
      '''
        +41785339075
        +41761541934
        +41786163071
      ''',
      '',
      '',
      '',
      '1228 Emily Hill Apt. 868',
      '',
      '23003',
      'Alexandrahaven',
      'Osttimor',
    ]),
    list([
      'Kimberly',
      'Kelly',
      '',
      '',
      'de',
      0,
      '',
      'pattersonkristen@example.org',
      '''
        cheryl46@example.com
        cwilkins@example.net
        susanroth@example.com
      ''',
      '''
        +41568129035
        +41777861538
        +41784078677
      ''',
      '',
      '',
      '',
      '292 Thomas Shore',
      '',
      '15829',
      'Port Dawn',
      'Nauru',
    ]),
    list([
      'Victoria',
      'Mitchell',
      '',
      '',
      'de',
      0,
      '',
      'theodorepeters@example.net',
      '''
        browningjulie@example.org
        mary32@example.net
        stephenperez@example.org
      ''',
      '''
        +41413237156
        +41562690612
        +41789598720
      ''',
      '',
      '',
      '',
      '1016 Torres Corner Suite 462',
      '',
      '19530',
      'Lucasside',
      'Mozambique',
    ]),
    list([
      'Daniel',
      'Salas',
      '',
      '',
      'de',
      0,
      '',
      'frank90@example.com',
      '''
        hillchristopher@example.com
        tesparza@example.org
        xkelly@example.org
      ''',
      '''
        +41418748389
        +41563004538
        +41761334680
      ''',
      '',
      '',
      '',
      '378 Vincent Knoll',
      '',
      '39435',
      'Carlbury',
      'Uruguay',
    ]),
    list([
      'Susan',
      'Smith',
      '',
      '',
      'de',
      0,
      '',
      'moorerobert@example.net',
      '''
        carriedavis@example.org
        kburton@example.org
        michellemartinez@example.com
      ''',
      '''
        +41411005288
        +41312928299
        +41316358677
      ''',
      '',
      '',
      '',
      '7849 Lonnie Landing',
      '',
      '54525',
      'Jamesstad',
      'Sri Lanka',
    ]),
    list([
      'Angel',
      'Warren',
      '',
      '',
      'de',
      1,
      'Rubio and Sons',
      'zmonroe@example.org',
      '',
      '',
      '',
      '',
      '',
      '',
      '',
      '',
      '',
      '',
    ]),
  ])
# ---
# name: test_identity_export_labels_context[admin]
  dict({
    'identities': list([
      list([
        OrderedDict({
          'localized_title': '',
          'first_name': 'Kevin',
          'last_name': 'Black',
          'organisation_name': '',
          'address_addition_1': '',
          'address_addition_2': '',
          'address_addition_3': '',
          'street_and_number': '238 Daniels Harbor',
          'po_box': '',
          'postcode': '34119',
          'town': 'West Elizabeth',
          'country': 'Togo',
        }),
        OrderedDict({
          'localized_title': '',
          'first_name': 'Cory',
          'last_name': 'Chen',
          'organisation_name': '',
          'address_addition_1': '',
          'address_addition_2': '',
          'address_addition_3': '',
          'street_and_number': '062 Miguel Place Suite 526',
          'po_box': '',
          'postcode': '24899',
          'town': 'Lake Dominique',
          'country': 'Südkorea',
        }),
      ]),
      list([
        OrderedDict({
          'localized_title': '',
          'first_name': 'Tara',
          'last_name': 'Combs',
          'organisation_name': '',
          'address_addition_1': '',
          'address_addition_2': '',
          'address_addition_3': '',
          'street_and_number': '07894 Richard Knolls Suite 634',
          'po_box': '',
          'postcode': '46150',
          'town': 'Matthewschester',
          'country': 'Portugal',
        }),
        OrderedDict({
          'localized_title': '',
          'first_name': 'Julie',
          'last_name': 'Flowers',
          'organisation_name': '',
          'address_addition_1': '',
          'address_addition_2': '',
          'address_addition_3': '',
          'street_and_number': '10460 King Crossroad',
          'po_box': '',
          'postcode': '55932',
          'town': 'Lake Mark',
          'country': 'Guatemala',
        }),
      ]),
      list([
        OrderedDict({
          'localized_title': '',
          'first_name': 'Luis',
          'last_name': 'Hale',
          'organisation_name': '',
          'address_addition_1': '',
          'address_addition_2': '',
          'address_addition_3': '',
          'street_and_number': '5619 Marc Curve',
          'po_box': '',
          'postcode': '59556',
          'town': 'Annafurt',
          'country': 'Norwegen',
        }),
        OrderedDict({
          'localized_title': '',
          'first_name': 'Bradley',
          'last_name': 'Harris',
          'organisation_name': '',
          'address_addition_1': '',
          'address_addition_2': '',
          'address_addition_3': '',
          'street_and_number': '579 Jesse Keys Suite 060',
          'po_box': '',
          'postcode': '65809',
          'town': 'North Sandyborough',
          'country': 'Malediven',
        }),
      ]),
      list([
        OrderedDict({
          'localized_title': '',
          'first_name': 'Andrew',
          'last_name': 'Hudson',
          'organisation_name': '',
          'address_addition_1': '',
          'address_addition_2': '',
          'address_addition_3': '',
          'street_and_number': '55812 Williams Port',
          'po_box': '',
          'postcode': '87097',
          'town': 'Powellberg',
          'country': 'Bolivien',
        }),
        OrderedDict({
          'localized_title': '',
          'first_name': 'David',
          'last_name': 'Richard',
          'organisation_name': '',
          'address_addition_1': '',
          'address_addition_2': '',
          'address_addition_3': '',
          'street_and_number': '990 Brown Haven Suite 007',
          'po_box': '',
          'postcode': '38254',
          'town': 'East Tara',
          'country': 'Äthiopien',
        }),
      ]),
      list([
        OrderedDict({
          'localized_title': '',
          'first_name': 'Rebekah',
          'last_name': 'Rodgers',
          'organisation_name': '',
          'address_addition_1': '',
          'address_addition_2': '',
          'address_addition_3': '',
          'street_and_number': '7619 Young Loop',
          'po_box': '',
          'postcode': '60757',
          'town': 'Donaldsontown',
          'country': 'Philippinen',
        }),
        OrderedDict({
          'localized_title': '',
          'first_name': 'Michael',
          'last_name': 'Serrano',
          'organisation_name': '',
          'address_addition_1': '',
          'address_addition_2': '',
          'address_addition_3': '',
          'street_and_number': '000 Cynthia Rue',
          'po_box': '',
          'postcode': '51005',
          'town': 'Port Trevorshire',
          'country': 'Island',
        }),
      ]),
      list([
        OrderedDict({
          'localized_title': '',
          'first_name': 'Teresa',
          'last_name': 'Smith',
          'organisation_name': 'SAGW',
          'address_addition_1': 'Haus der Akademien',
          'address_addition_2': '',
          'address_addition_3': '',
          'street_and_number': '3166 Juan Brooks Suite 434',
          'po_box': '23',
          'postcode': '17683',
          'town': 'Brownville',
          'country': 'Gabun',
        }),
        dict({
        }),
      ]),
    ]),
  })
# ---
# name: test_identity_organisation_multi_filter_distinct[admin]
  dict({
    'data': list([
      dict({
        'attributes': dict({
          'comment': None,
          'created-by-user': None,
          'email': 'rachelcolon@example.com',
          'first-name': 'Michael',
          'has-members': False,
          'has-memberships': True,
          'idp-id': '8938d0f9-3f2f-4eaa-8262-30ce1185b705',
          'is-advisory-board': False,
          'is-expert-association': False,
          'is-organisation': False,
          'language': 'de',
          'last-name': 'Potter',
          'modified-by-user': None,
          'organisation-name': None,
          'organisation-slug': None,
          'salutation': 'neutral',
          'title': 'none',
        }),
        'relationships': dict({
          'additional-emails': dict({
            'data': list([
            ]),
            'meta': dict({
              'count': 0,
            }),
          }),
          'addresses': dict({
            'data': list([
            ]),
            'meta': dict({
              'count': 0,
            }),
          }),
          'interests': dict({
            'data': list([
            ]),
            'meta': dict({
              'count': 0,
            }),
          }),
          'phone-numbers': dict({
            'data': list([
            ]),
            'meta': dict({
              'count': 0,
            }),
          }),
        }),
        'type': 'identities',
      }),
      dict({
        'attributes': dict({
          'comment': None,
          'created-by-user': None,
          'email': 'arios@example.org',
          'first-name': 'Joshua',
          'has-members': False,
          'has-memberships': True,
          'idp-id': '00fe0533-3ff7-4b4c-8ca6-6900b54ecb8e',
          'is-advisory-board': False,
          'is-expert-association': False,
          'is-organisation': False,
          'language': 'de',
          'last-name': 'Ray',
          'modified-by-user': None,
          'organisation-name': None,
          'organisation-slug': None,
          'salutation': 'neutral',
          'title': 'none',
        }),
        'relationships': dict({
          'additional-emails': dict({
            'data': list([
            ]),
            'meta': dict({
              'count': 0,
            }),
          }),
          'addresses': dict({
            'data': list([
            ]),
            'meta': dict({
              'count': 0,
            }),
          }),
          'interests': dict({
            'data': list([
            ]),
            'meta': dict({
              'count': 0,
            }),
          }),
          'phone-numbers': dict({
            'data': list([
            ]),
            'meta': dict({
              'count': 0,
            }),
          }),
        }),
        'type': 'identities',
      }),
    ]),
  })
# ---
# name: test_membership_export[admin]
  list([
    list([
      'first_name',
      'last_name',
      'localized_salutation',
      'localized_title',
      'language',
      'email',
      'address_addition_1',
      'address_addition_2',
      'address_addition_3',
      'street_and_number',
      'po_box',
      'postcode',
      'town',
      'country',
      'organisation',
      'role',
      'inactive',
      'tenure',
      'next_election',
    ]),
    list([
      'Keith',
      'Nash',
      '',
      '',
      'de',
      'crystaladams@example.org',
      '',
      '',
      '',
      '9992 Green Island Suite 242',
      '',
      '38948',
      'Samanthaberg',
      'Ägypten',
      'Allsafe',
      '',
      0,
      '2020-01-01 - 2020-01-02',
      '2020-11-23',
    ]),
    list([
      'James',
      'Pierce',
      '',
      '',
      'de',
      'jasonguerra@example.org',
      '',
      '',
      '',
      '064 Lewis Via',
      '',
      '58634',
      'Lake Kelseybury',
      'Mozambique',
      'Nonsafe',
      'Chirurgiemechaniker',
      0,
      '',
      '',
    ]),
    list([
      'Elizabeth',
      'Ortiz',
      '',
      '',
      'de',
      'michaelrogers@example.net',
      '',
      '',
      '',
      '79400 Denise Coves Suite 058',
      '',
      '08753',
      'Grantfort',
      'St. Lucia',
      'Allsafe',
      'Drogist',
      1,
      '2020-01-01 - ',
      '',
    ]),
    list([
      'Diana',
      'Rodgers',
      '',
      '',
      'de',
      'tiffanybrown@example.net',
      '',
      '',
      '',
      '310 Joshua Place Suite 079',
      '',
      '55233',
      'Emilyberg',
      'Simbabwe',
      'Nonsafe',
      'Medizininformatiker',
      0,
      '',
      '',
    ]),
    list([
      'Daniel',
      'Smith',
      '',
      '',
      'de',
      'yjohnson@example.net',
      '',
      '',
      '',
      '65174 Linda Crest',
      '',
      '40438',
      'Wrightview',
      'Russland',
      'Nonsafe',
      'Programmierer',
      0,
      '',
      '',
    ]),
    list([
      'Connie',
      'Hall',
      '',
      '',
      'de',
      'sweeneyruth@example.net',
      '',
      '',
      '',
      '6884 Guzman Mount',
      '',
      '40088',
      'Port Timothymouth',
      'Kuwait',
      'Allsafe',
      'Chirurgiemechaniker',
      0,
      '',
      '',
    ]),
  ])
# ---
