# name: test_organisation_members[admin]
  dict({
    'data': list([
      dict({
        'attributes': dict({
          'email': 'evansthomas@example.com',
          'first-name': 'User',
          'last-name': '2',
          'roles': list([
            dict({
              'authorized': False,
              'inactive': False,
              'role': dict({
                'de': 'Beamter',
                'en': 'Tour manager',
                'fr': 'officier de la marine marchande',
              }),
              'time_slot': None,
            }),
            dict({
              'authorized': False,
              'inactive': False,
              'role': dict({
                'de': 'Altenpfleger',
                'en': 'Investment banker, corporate',
                'fr': 'ingénieur efficacité énergétique du bâtiment',
              }),
              'time_slot': None,
            }),
            dict({
              'authorized': False,
              'inactive': True,
              'role': dict({
                'de': 'Altenpfleger',
                'en': 'Investment banker, corporate',
                'fr': 'ingénieur efficacité énergétique du bâtiment',
              }),
              'time_slot': None,
            }),
          ]),
        }),
        'type': 'identities',
      }),
      dict({
        'attributes': dict({
          'email': 'michelle86@example.com',
          'first-name': 'User',
          'last-name': '1',
          'roles': list([
            dict({
              'authorized': False,
              'inactive': False,
              'role': dict({
                'de': 'Altenpfleger',
                'en': 'Investment banker, corporate',
                'fr': 'ingénieur efficacité énergétique du bâtiment',
              }),
              'time_slot': None,
            }),
            dict({
              'authorized': False,
              'inactive': False,
              'role': dict({
                'de': 'Drogist',
                'en': 'Educational psychologist',
                'fr': 'journaliste',
              }),
              'time_slot': None,
            }),
            dict({
              'authorized': False,
              'inactive': False,
              'role': dict({
                'de': 'Beamter',
                'en': 'Tour manager',
                'fr': 'officier de la marine marchande',
              }),
              'time_slot': dict({
                'bounds': '[)',
                'lower': '2020-01-01',
                'upper': '2020-12-31',
              }),
            }),
          ]),
        }),
        'type': 'identities',
      }),
      dict({
        'attributes': dict({
          'email': 'ebonyjohnson@example.com',
          'first-name': 'User',
          'last-name': '3',
          'roles': list([
            dict({
              'authorized': False,
              'inactive': False,
              'role': dict({
                'de': 'Altenpfleger',
                'en': 'Investment banker, corporate',
                'fr': 'ingénieur efficacité énergétique du bâtiment',
              }),
              'time_slot': None,
            }),
            dict({
              'authorized': False,
              'inactive': True,
              'role': dict({
                'de': 'Beamter',
                'en': 'Tour manager',
                'fr': 'officier de la marine marchande',
              }),
              'time_slot': None,
            }),
          ]),
        }),
        'type': 'identities',
      }),
      dict({
        'attributes': dict({
          'email': 'johnsonmercedes@example.net',
          'first-name': 'User',
          'last-name': '5',
          'roles': list([
            dict({
              'authorized': False,
              'inactive': True,
              'role': dict({
                'de': 'Beamter',
                'en': 'Tour manager',
                'fr': 'officier de la marine marchande',
              }),
              'time_slot': None,
            }),
          ]),
        }),
        'type': 'identities',
      }),
      dict({
        'attributes': dict({
          'email': 'delacruzbrandon@example.com',
          'first-name': 'User',
          'last-name': '4',
          'roles': list([
            dict({
              'authorized': False,
              'inactive': True,
              'role': dict({
                'de': 'Altenpfleger',
                'en': 'Investment banker, corporate',
                'fr': 'ingénieur efficacité énergétique du bâtiment',
              }),
              'time_slot': None,
            }),
          ]),
        }),
        'type': 'identities',
      }),
    ]),
  })
# ---
